// Jest Snapshot v1, https://goo.gl/fbAQLP

exports[`(Component) App match the snapshot 1`] = `
<div
  className="app"
>
  <div
    className="app-body"
  >
    <div
      className="main-content"
    >
      <div>
        <h1>
          React Component Builder 
        </h1>
        <div
          className="main-left-container"
        >
          <h2>
            Pre Defined Templates
          </h2>
          <span>
            Display pre defined template  
            <select
              onChange={[Function]}
            >
              <option
                selected={true}
                value={1}
              >
                Template 1
              </option>
              <option
                selected={false}
                value={2}
              >
                Template 2
              </option>
              <option
                selected={false}
                value={3}
              >
                Multiple children hierarchy
              </option>
            </select>
          </span>
            
          <button
            onClick={[Function]}
          >
            Show Selected Template
          </button>
          <h2>
            Custom Templates
          </h2>
          <p>
            Enter Template here
          </p>
          <textarea
            className=""
            onChange={[Function]}
          />
          
          <button
            onClick={[Function]}
          >
            Show Custom Template
          </button>
        </div>
        <div
          className="main-right-container"
        >
          <iframe
            src="/pre-defined/1"
          />
        </div>
      </div>
    </div>
  </div>
</div>
`;
