// Jest Snapshot v1, https://goo.gl/fbAQLP

exports[`Box Component match the snapshot 1`] = `
<div
  className="box-component"
  style={
    Object {
      "borderWidth": undefined,
    }
  }
>
  
</div>
`;
