// Jest Snapshot v1, https://goo.gl/fbAQLP

exports[`Button Component match the snapshot 1`] = `
<button
  className="button-component"
/>
`;
