// Jest Snapshot v1, https://goo.gl/fbAQLP

exports[`Children Component match the snapshot 1`] = `""`;
