// Jest Snapshot v1, https://goo.gl/fbAQLP

exports[`Component Builder Component match the snapshot 1`] = `""`;
