// Jest Snapshot v1, https://goo.gl/fbAQLP

exports[`Heading2 Component match the snapshot 1`] = `
<h2
  className="heading2-component"
/>
`;
