// Jest Snapshot v1, https://goo.gl/fbAQLP

exports[`Heading1 Component match the snapshot 1`] = `
<h1
  className="heading1-component"
/>
`;
