// Jest Snapshot v1, https://goo.gl/fbAQLP

exports[`Link Component match the snapshot 1`] = `
<a
  className="link-component"
  onClick={[Function]}
  target="_blank"
/>
`;
