// Jest Snapshot v1, https://goo.gl/fbAQLP

exports[`List Component match the snapshot 1`] = `
<ul
  className="list-component"
>
  
</ul>
`;
