// Jest Snapshot v1, https://goo.gl/fbAQLP

exports[`Modal Component match the snapshot 1`] = `
<div
  className="modal-component modal"
  style={
    Object {
      "display": "none",
    }
  }
>
  <div
    className="modal-content"
    style={
      Object {
        "height": undefined,
        "width": undefined,
      }
    }
  >
    <span>
      Trigger Id: 
      Self
    </span>
    <span
      className="close"
      onClick={[Function]}
    >
      Ã—
    </span>
    
  </div>
</div>
`;
